border_size=1
usage=map

Gs^Ft       , Gs^Ft       , Gs^Ft       , Gs^Ft       , Gs^Ft       , Gs^Ft       , Gs^Ft       , Gs^Ft       , Gs^Ft       , Gs^Ft       , Gs^Ft       , Gs^Ft       , Gs^Ft       , Gs^Ft       , Gs^Ft       , Gs^Ft       , Gs^Ft       , Gs^Ft       , Gs^Ft       , Gs^Ft       , Gs^Ft       , Gs^Ft       , Gs^Ft       , Gs^Ft       , Rb          , Gs^Ft       , Gs^Ft       , Gs^Ft       , Gs^Ft       , Ss          , Wwg         , Gs^Ft       , Gs^Ft       , Gs^Ft       , Gs^Ft       , Gs^Ft       , Gs^Ft       , Gs^Ft       , Gs^Ft       , Gs^Ft       , Gs^Ft       , Gs^Ft       
Gs^Ft       , Gs^Ft       , Gs^Ft       , Gs^Ft       , Gs^Ft       , Gs^Ft       , Gs^Ft       , Gs^Ft       , Gs^Ft       , Gs^Ft       , Gs^Ft       , Gs^Ft       , Gs^Ft       , Gs^Ft       , Gs^Ft       , Gs^Ft       , Gs^Ft       , Gs^Ft       , Gs^Ft       , Gs^Ft       , Rb^Vct      , Rb^Vct      , Rb^Vct      , Rb^Vct      , Ce          , Rb^Vct      , Rb^Vct      , Rb^Vct      , Ss          , Ss          , Wwg         , Gs^Ft       , Gs^Ft       , Gs^Ft       , Gs^Ft       , Gs^Ft       , Gs^Ft       , Gs^Ft       , Gs^Ft       , Gs^Ft       , Gs^Ft       , Gs^Ft       
Gs^Ft       , Gs^Ft       , Gs^Ft       , Gs^Ft       , Gs^Ft       , Gs^Ft       , Gs^Ft       , Gs^Ft       , Gs^Ft       , Gs^Ft       , Gs^Ft       , Gs^Ft       , Gs^Ft       , Gs^Ft       , Gs^Vhs      , Gs^Ft       , Gs^Ft       , Gs^Ft       , Gs^Ft       , Gs^Ft       , Rb^Vct      , Ce          , Ce          , Ce          , 1 Ke        , Ce          , Ce          , Ce          , Rb^Vct      , Ss          , Wwg         , Gs^Ft       , Gs^Ft       , Gs^Ft       , Ss          , Gs^Ft       , Gs^Ft       , Gs^Ft       , Gs^Ft       , Gs^Ft       , Gs^Ft       , Gs^Ft       
Ss          , Gs^Ft       , Gs^Ft       , Gs^Vhs      , Gs^Ft       , Gs^Ft       , Gs^Ft       , Gs^Ft       , Gs^Ft       , Gs^Ft       , Gs^Ft       , Gs^Ft       , Gs^Ft       , Gs^Ft       , Gs^Ft       , Gs^Ft       , Gs^Ft       , Gs^Ft       , Gs^Ft       , Gs^Ft       , Rb^Vct      , Ce          , Rb^Vct      , Ce          , Ce          , Ce          , Rb^Vct      , Ce          , Rb^Vct      , Gs^Ft       , Gs^Ft       , Wwg         , Wwg         , Ss          , Gs^Ft       , Ss          , Ss          , Gs^Ft       , Gs^Ft       , Gs^Ft       , Gs^Ft       , Gs^Ft       
Ss          , Ss          , Rb          , Gs^Ft       , Gs^Ft       , Gs^Ft       , Gs^Ft       , Gs^Ft       , Gs^Ft       , Gs^Ft       , Gs^Ft       , Gs^Ft       , Gs^Ft       , Gs^Ft       , Gs^Ft       , Gs^Ft       , Gs^Ft       , Rb          , Gs^Ft       , Gs^Ft       , Gs^Ft       , Rb^Vct      , Gs^Ft       , Rb^Vct      , Rb^Vct      , Rb^Vct      , Rb          , Rb^Vct      , Gs^Ft       , Gs^Ft       , Gs^Ft       , Gs^Ft       , Gs^Ft       , Wwg         , Wwg         , Gs^Ft       , Gs^Ft       , Ss          , Gs^Ft       , Gs^Ft       , Gs^Ft       , Gs^Ft       
Gs^Edpp     , Gs^Ft       , Gs^Ft       , Ss          , Ss          , Ss          , Ss          , Gs^Ft       , Gs^Ft       , Gs^Ft       , Gs^Ft       , Gs^Ft       , Gs^Ft       , Rb          , Gs^Ft       , Gs^Ft       , Gs^Ft       , Gs^Ft       , Gs^Ft       , Gs^Ft       , Gs^Ft       , Gs^Ft       , Gs^Ft       , Gs^Ft       , Rb          , Gs^Ft       , Gs^Ft       , Rb          , Rb          , Gs^Ft       , Gs^Ft       , Gs^Ft       , Gs^Ft       , Gs^Ft       , Ss          , Wwg         , Wwg         , Ss          , Gs^Ft       , Gs^Vhs      , Gs^Ft       , Gs^Ft       
Gs^Ft       , Gs^Ft       , Gs^Ft       , Gs^Ft       , Gs^Ft       , Gs^Ft       , Gs^Ft       , Ss          , Ss          , Gs^Ft       , Gs^Ft       , Gs^Ft       , Gs^Ft       , Gs^Ft       , Gs^Ft       , Gs^Ft       , Hh          , Hh          , Hh          , Gs^Ft       , Gs^Ft       , Gs^Ft       , Gs^Ft       , Rb          , Rb          , Gs^Ft       , Gs^Ft       , Gs^Ft       , Gs^Ft       , Rb          , Rb          , Gs^Vhs      , Gs^Ft       , Gs^Ft       , Ss          , Ss          , Ss^Vhs      , Wwg         , Wwg         , Gs^Ft       , Gs^Ft       , Gs^Ft       
Gs^Ft       , Gs^Ft       , Gs^Ft       , Gs^Ft       , Gs^Ft       , Gs^Ft       , Hh          , Hh          , Ss          , Ss          , Gs^Ft       , Gs^Ft       , Gs^Vhs      , Gs^Ft       , Ss          , Ss          , Ss          , Ss          , Ss          , Ss          , Gs^Ft       , Gs^Vhs      , Gs^Ft       , Gs^Ft       , Rb          , Gs^Ft       , Gs^Ft       , Gs^Ft       , Gs^Ft       , Gs^Ft       , Rb          , Gs^Ft       , Gs^Ft       , Gs^Ft       , Gs^Ft       , Gs^Ft       , Gs^Ft       , Gs^Ft       , Wwg         , Gs^Ft       , Gs^Ft       , Gs^Ft       
Gs^Ft       , Gs^Ft       , Gs^Ft       , Gs^Ft       , Gs^Ft       , Gs^Ft       , Hh          , Gs^Ft       , Ss          , Ss          , Ss          , Ss          , Ss          , Ss          , Gs^Ft       , Ss          , Gs^Ft       , Gs^Ft       , Gs^Ft       , Ss          , Gs^Ft       , Hh          , Gs^Ft       , Gs^Ft       , Rb          , Gs^Ft       , Gs^Ft       , Gs^Ft       , Gs^Ft       , Gs^Ft       , Gs^Ft       , Rb          , Rb          , Gs^Ft       , Gs^Ft       , Gs^Ft       , Gs^Ft       , Gs^Ft       , Wwg         , Gs^Ft       , Wwg         , Wwg         
Gs^Ft       , Gs^Ft       , Gs^Ft       , Gs^Ft       , Gs^Ft       , Gs^Ft       , Gs^Ft       , Ss^Vhs      , Ss          , Ss          , Gs^Ft       , Gs^Ft       , Gs^Ft       , Gs^Ft       , Gs^Edpp     , Gs^Edpp     , Gs^Edpp     , Gs^Ft       , Gs^Ft       , Gs^Ft       , Gs^Ft       , Gs^Ft       , Gs^Ft       , Rb          , Gs^Ft       , Gs^Ft       , Gs^Ft       , Gs^Ft       , Gs^Vhs      , Gs^Ft       , Gs^Ft       , Gs^Ft       , Gs^Ft       , Rb          , Rb          , Gs^Ft       , Wwg         , Wwg         , Wwg         , Wwg         , Wwg         , Wwg         
Gs^Ft       , Gs^Ft       , Gs^Vhs      , Gs^Ft       , Ss          , Ss          , Ss          , Gs^Ft       , Ss          , Ss          , Gs^Ft       , Gs^Ft       , Gs^Ft       , Gs^Ft       , Gs^Ft       , Gs^Ft       , Gs^Ft       , Gs^Edpp     , Gs^Edpp     , Gs^Ft       , Gs^Ft       , Gs^Edpp     , Rb          , Rb          , Gs^Ft       , Gs^Ft       , Gs^Ft       , Gs^Ft       , Gs^Ft       , Gs^Ft       , Gs^Ft       , Gs^Ft       , Gs^Ft       , Gs^Ft       , Wwf         , Wwf         , Wwf         , Wwg         , Wwg         , Wwg         , Gs^Ft       , Gs^Ft       
Gs^Ft       , Gs^Ft       , Gs^Ft       , Gs^Ft       , Ss          , Ss          , Ss          , Ss          , Gs^Edpp     , Gs^Edpp     , Gs^Ft       , Gs^Edpp     , Gs^Edpp     , Gs^Ft       , Gs^Ft       , Gs^Edpp     , Gs^Edpp     , Gs^Edpp     , Gs^Edpp     , Gs^Ft       , Rb          , Rb          , Gs^Edpp     , Gs^Ft       , Gs^Ft       , Gs^Ft       , Gs^Ft       , Gs^Ft       , Gs^Ft       , Gs^Ft       , Wwg         , Gs^Ft       , Wwg         , Wwf         , Wwf         , Wwf         , Wwf         , Wwg         , Gs^Ft       , Gs^Ft       , Gs^Ft       , Gs^Ft       
Ss          , Gs^Ft       , Gs^Ft       , Ss          , Gs^Ft       , Ss          , Gs^Ft       , Gs^Ft       , Gs^Ft       , Gs^Edpp     , Gs^Ft       , Gs^Ft       , Gs^Ft       , Gs^Ft       , Gs^Ft       , Gs^Ft       , Gs^Edpp     , Gs^Vht      , Gs^Edpp     , Gs^Ft       , Rb          , Gs^Edpp     , Gs^Ft       , Gs^Edpp     , Gs^Ft       , Gs^Ft       , Gs^Ft       , Gs^Ft       , Wwg         , Wwg         , Wwg         , Wwg         , Wog         , Wwg         , Wwf         , Wwf         , Rb          , Gs^Ft       , Gs^Ft       , Gs^Ft       , Gs^Ft       , Gs^Ft       
Gs^Ft       , Ss          , Gs^Ft       , Gs^Ft       , Gs^Ft       , Ss          , Gs^Ft       , Gs^Edpp     , Gs^Ft       , Gs^Ft       , Gs^Edpp     , Gs^Edpp     , Gs^Edpp     , Gs^Ft       , Gs^Ft       , Gs^Ft       , Gs^Ft       , Gs^Edpp     , Rb          , Rb          , Gs^Edp      , Hh          , Hh          , Gs^Ft       , Gs^Ft       , Hh          , Wwg         , Wwg         , Wwg         , Wwg         , Gs^Ft       , Wwg         , Wwg         , Wwg         , Gs^Ft       , Rb          , Rb          , Gs^Ft       , Gs^Ft       , Gs^Ft       , Gs^Ft       , Gs^Ft       
Gs^Ft       , Gs^Ft       , Gs^Ft       , Gs^Ft       , Gs^Ft       , Gs^Ft       , Gs^Ft       , Gs^Ft       , Gs^Edpp     , Gs^Edpp     , Gs^Edpp     , Gs          , Gs          , Gs^Edpp     , Gs^Ft       , Gs^Edpp     , Gs^Edpp     , Gs^Edpp     , Rb          , Gs^Edp      , Gs^Ft       , Hh          , Hh          , Hh          , Hh          , Hh          , Wwg         , Wwg         , Hh          , Hh          , Hh          , Gs^Ft       , Gs^Ft       , Gs^Ft       , Gs^Ft       , Gs^Ft       , Rb          , Gs^Ft       , Gs^Vhs      , Gs^Ft       , Gs^Ft       , Gs^Ft       
Rb          , Gs^Ft       , Gs^Edpp     , Gs^Edpp     , Gs^Edpp     , Gs^Edpp     , Gs^Ft       , Gs^Ft       , Gs^Edpp     , Gs^Edpp     , Rb^Gvs      , Gs^Vht      , Rb^Gvs      , Rb^Gvs      , Gs^Ft       , Gs^Ft       , Gs^Edpp     , Gs^Edpp     , Rb          , Gs^Edpp     , Ss          , Gs^Ft       , Ss          , Gs^Ft       , Hh          , Hh          , Wwg         , Wwg         , Gs^Vht      , Hh          , Gs^Edpp     , Hh          , Hh          , Gs^Ft       , Gs^Ft       , Gs^Ft       , Rb          , Gs^Ft       , Gs^Ft       , Gs^Ft       , Gs^Ft       , Gs^Ft       
Gs^Ft       , Rb          , Rb          , Gs^Edpp     , Gs^Edpp     , Gs^Edpp     , Gs^Edpp     , Gs^Edpp     , Rb^Gvs      , Rb^Gvs      , Rb^Gvs      , Rb^Gvs      , Rb^Gvs      , Rb^Gvs      , Rb^Gvs      , Rb^Gvs      , Rb^Gvs      , Rb          , Rb          , Ss          , Gs          , Ss          , Ss          , Gs^Ft       , Hh          , Hh          , Wwg         , Wwg         , Wwg         , Gs^Edpp     , Gs^Edpp     , Gs^Edpp     , Gs^Edpp     , Gs^Ft       , Gs^Ft       , Gs^Ft       , Rb          , Gs^Ft       , Gs^Ft       , Gs^Ft       , Gs^Ft       , Gs^Ft       
Gs^Ft       , Gs^Ft       , Gs^Edpp     , Rb          , Rb          , Gs^Vht      , Rb          , Rb          , Rb^Gvs      , Rb^Gvs      , Rb^Gvs      , Rb^Gvs      , Rb^Gvs      , Rb^Gvs      , Rb^Gvs      , Rb^Gvs      , Rb^Gvs      , Rb          , Rb          , Gs^Vht      , Gs          , Ss          , Gs^Ft       , Gs^Ft       , Hh          , Hh          , Hh          , Wwg         , Wwg         , Wwg         , Gs^Edpp     , Gs^Edpp     , Gs          , Gs^Ft       , Gs^Ft       , Gs^Ft       , Rb          , Gs^Ft       , Gs^Ft       , Gs^Ft       , Gs^Ft       , Gs^Ft       
Wwg         , Gs          , Gs          , Gs          , Gs          , Rb          , Rb          , Rb^Gvs      , Gs^Ft       , Rb^Gvs      , Gs^Ft       , Gs^Ft       , Rb^Gvs      , Rb^Gvs      , Rb^Gvs      , Rb^Gvs      , Rb          , Rb          , Rb          , Gs          , Gs          , Ss          , Gs^Ft       , Gs^Ft       , Gs^Ft       , Hh^Vo       , Hh          , Hh          , Wwg         , Wwg         , Gs^Edpp     , Gs^Edpp     , Gs^Edpp     , Gs^Ft       , Gs^Ft       , Rb          , Rb          , Gs^Ft       , Gs^Ft       , Gs^Ft       , Gs^Ft       , Gs^Ft       
Wog         , Wwg         , Wwg         , Gs          , Gs          , Rb          , Gs          , Gs^Ft       , Gs^Ft       , Gs^Ft       , Hh          , Gs^Ft       , Gs^Ft       , Gs^Ft       , Rb          , Rb          , Rb          , Rb          , Gs^Ft       , Gs^Ft       , Gs^Ft       , Gs^Ft       , Gs^Ft       , Gs^Ft       , Gs^Ft       , Gs^Ft       , Wwg         , Wwg         , Wwg         , Wwg         , Gs^Edpp     , Gs^Edpp     , Gs^Edpp     , Gs^Edpp     , Gs^Edpp     , Gs^Edpp     , Gs^Edpp     , Rb          , Rb          , Gs^Edpp     , Rb          , Rb          
Wog         , Wog         , Wwg         , Gs          , Gs          , Rb          , Rb          , Gs^Ft       , Gs^Ft       , Hh          , Gs^Ft       , Gs^Ft       , Gs          , Gs          , Rb          , Rb          , Gs^Ft       , Gs^Ft       , Gs^Ft       , Gs^Ft       , Gs^Ft       , Gs^Ft       , Wwf         , Gs^Ft       , Gs^Ft       , Wwg         , Wwg         , Wwg         , Wwg         , Hh          , Gs^Edpp     , Gs^Edpp     , Gs^Edpp     , Gs^Edpp     , Gs^Edpp     , Gs^Edpp     , Gs^Edpp     , Gs^Edpp     , Gs^Edpp     , Rb          , Gs^Ft       , Gs^Edpp     
Wog         , Wog         , Wwg         , Gs          , Gs          , Gs          , Gs          , Rb          , Rb          , Gs^Ft       , Gs          , Gs          , Rb          , Rb          , Gs          , Gs          , Gs^Ft       , Gs^Ft       , Wwf         , Wwf         , Wwf         , Wwf         , Wwf         , Wwf         , Wwg         , Wwg         , Wwg         , Wwg         , Chr         , Gs^Edpp     , Gs^Edpp     , Gs^Edpp     , Gs^Edpp     , Gs^Edpp     , Gs^Edpp     , Gs^Edpp     , Gs^Vht      , Gs^Edpp     , Gs^Edpp     , Gs^Edpp     , Gs^Ft       , Gs^Ft       
Wog         , Wog         , Wwg         , Gs          , Gs          , Gs          , Co          , Gs          , Gs          , Rb          , Rb          , Rb          , Gs          , Gs          , Gs          , Gs          , Wwg         , Wwg         , Wwg         , Wwf         , Wwg         , Wwf         , Wwg         , Wwg         , Wog         , Wwg         , Wwg         , Wwg         , Chr         , Rp          , Chr         , Gs^Edpp     , Gs          , Gs^Edpp     , Gs          , Gs^Ft       , Gs^Ft       , Gs^Edpp     , Gs^Ft       , Gs^Ft       , Ss          , Ss          
Wog         , Wog         , Wog         , Wwg         , Wwg         , Co          , Rb^Vo       , Co          , 4 Ko        , Rb          , Ko          , Co          , Co          , Gs          , Wwg         , Wwg         , Wog         , Wog         , Wog         , Wwg         , Wwg         , Wwg         , Wwg         , Wwg         , Wog         , Wog         , Wwg         , Wwg         , 5 Khr       , Rp          , Rp          , Chr         , Gs          , Gs          , Gs          , Gs^Ft       , Gs^Ft       , Gs^Ft       , Gs^Ft       , Gs^Ft       , Ss          , Ss          
Wwg         , Wog         , Wog         , Wog         , Wog         , Wwg         , Wwg^Bw|     , Rb^Vo       , Rb          , Rb          , Rb          , Rb^Vo       , Rb^Vo       , Wwg         , Wog         , Wwg         , Wog         , Wog         , Wwg         , Wwg         , Hh          , Hh          , Hh          , Wwg         , Wwg         , Wog         , Wog         , Wwg         , Wwg         , Chr         , Chr         , Rp          , Rp          , Gs          , Gs          , Gs^Ft       , Gs^Ft       , Gs^Ft       , Ss          , Ss          , Ss          , Ss          
Gs          , Wwg         , Wwg         , Wog         , Wog         , Wwg         , Wwg         , Wwg         , Wwg         , Rb          , Rb^Vo       , Rb          , Wwg         , Wwg^Bw\     , Wog         , Wog         , Wwg         , Wwg         , Hh          , Hh          , Hh          , Hh          , Hh          , Hh          , Wwg         , Wog         , Wog         , Wog         , Wwg         , Wwg         , Wwg         , Chr         , Gs          , Rp          , Rp          , Ss          , Ss          , Ss          , Rp          , Rp          , Rp          , Ss          
Gs          , Gs          , Gs          , Wwg         , Wwg         , Wog         , Wog         , Wwg         , Wwg         , Wwg         , Wwg         , Wwg         , Wwg         , Wog         , Wog         , Wwg         , Hh          , Hh          , Gs^Ft       , Gs^Ft       , Co          , 6 Ko        , Co          , Hh          , Hh          , Wwg         , Wwg         , Wwg         , Wwg         , Wwg         , Wwg         , Wwg         , Wwg         , Gs          , Gs          , Rp          , Rp          , Rp          , Hh          , Gs          , Gs          , Rp          
Gs          , Gs^Vht      , Gs          , Gs          , Gs          , Wwg         , Wwg         , Wog         , Wwg         , Wwg         , Wwg         , Wwg         , Wwg         , Wwg         , Wwg         , Wwg         , Hh          , Hh          , Hh          , Gs^Ft       , Hh          , Co          , Hh          , Hh          , Gs^Ft       , Hh          , Gs^Ft       , Gs^Ft       , Gs^Ft       , Wwg         , Wwg         , Wwg         , Wog         , Wwg         , Wwg         , Gs          , Gs^Ft       , Gs^Ft       , Hh          , Hh          , Gs          , Gs          
Gs^Ft       , Gs          , Gs          , Gs          , Gs          , Gs          , Hh          , Wwg         , Wwg^Bw|     , Wwg         , Wwg         , Wwg         , Wwg         , Wwg^Bw\     , Re          , Hh          , Hh          , Hh          , Gs          , Gs          , Gs^Vht      , Hh          , Gs^Edpp     , Hh          , Gs^Ft       , Gs^Ft       , Gs^Edp      , Gs^Edp      , Gs^Ft       , Gs^Ft       , Gs^Ft       , Wwg         , Wog         , Wog         , Wwg         , Gs          , Gs          , Gs^Ft       , Hh          , Hh          , Gs^Vht      , Gs          
Gs^Ft       , Gs^Ft       , Gs^Ft       , Gs          , Gs          , Gs          , Hh          , Hh          , Re          , Hh          , Hh          , Hh          , Hh          , Hh          , Hh          , Re          , Hh          , Hh          , Gs          , Gs          , Gs          , Gs          , Gs^Edpp     , Gs^Edpp     , Gs          , Gs^Edpp     , Gs^Edp      , Gs^Ft       , Gs^Ft       , Gs^Ft       , Gs^Ft       , Wwg         , Wwg         , Wwg         , Wwf         , Gs          , Gs          , Gs          , Gs          , Hh          , Hh          , Gs          
Gs^Ft       , Gs^Ft       , Gs^Ft       , Gs          , Gs          , Gs          , Gs          , Hh          , Re          , Hh          , Gs          , Hh          , Gs          , Hh          , Gs          , Re          , Gs          , Gs          , Gs          , Gs          , Gs^Edpp     , Gs^Edpp     , Gs^Edpp     , Gs^Edpp     , Gs          , Gs^Edp      , Gs^Vht      , Gs^Edp      , Hh          , Hh          , Gs^Edp      , Gs^Ft       , Wwf         , Wwf         , Wwf         , Wwf         , Wwf         , Gs          , Gs          , Gs          , Gs          , Gs          
Gs^Ft       , Gs^Ft       , Gs^Ft       , Gs^Ft       , Gs          , Gs          , Gs          , Gs          , Re          , Gs          , Gs          , Gs          , Gs          , Gs          , Gs          , Re          , Gs          , Gs          , Gs^Edpp     , Gs^Edpp     , Gs^Ft       , Gs^Ft       , Gs^Ft       , Gs^Edpp     , Gs^Edpp     , Gs          , Gs          , Gs^Edp      , Hh          , Hh          , Gs^Ft       , Gs^Edp      , Wwf         , Wwf         , Wwf         , Wwf         , Wwf         , Wwf         , Gs          , Gs          , Gs          , Gs          
Gs^Ft       , Gs^Ft       , Gs^Ft       , Gs^Ft       , Gs          , Gs          , Gs^Edpp     , Re          , Gs^Vht      , Gs          , Gs          , Gs          , Gs^Ft       , Gs          , Gs          , Re          , Gs^Vht      , Gs          , Gs^Edpp     , Gs^Ft       , Gs^Ft       , Gs^Ft       , Gs^Ft       , Gs^Edpp     , Gs^Edpp     , Gs^Edpp     , Gs^Edpp     , Hh          , Mm          , Hh          , Gs^Edpp     , Gs^Ft       , Gs          , Wwf         , Wwf         , Wwf         , Wwf         , Wwf         , Wwf         , Gs          , Gs          , Hh          
Gs^Ft       , Gs^Ft       , Gs^Ft       , Gs^Ft       , Gs          , Gs          , Re          , Re          , Gs^Ft       , Gs^Ft       , Gs^Ft       , Gs^Ft       , Gs^Ft       , Gs^Ft       , Gs          , Re          , Gs          , Gs^Edpp     , Gs^Edpp     , Gs^Ft       , Gs^Ft       , Gs^Edpp     , Gs^Edpp     , Gs^Edpp     , Gs^Edpp     , Gs^Edpp     , Hh          , Hh          , Mm          , Hh          , Gs^Ft       , Gs^Ft       , Gs          , Gs          , Gs          , Wwf         , Wwf         , Wwf         , Wwf         , Wwg         , Wwg         , Hh          
Gs^Ft       , Gs^Ft       , Gs          , Gs          , Re          , Re          , Gs          , Gs          , Gs^Ft       , Gs^Ft       , Hh          , Hh          , Hh          , Gs^Ft       , Gs          , Re          , Gs          , Gs^Edpp     , Gs^Edpp     , Gs^Ft       , Gs^Edpp     , Gs^Edpp     , Gs^Vht      , Gs          , Gs^Edpp     , Gs^Edpp     , Hh          , Mm          , Hh          , Hh          , Gs^Vht      , Gs^Ft       , Gs^Edpp     , Gs          , Gs^Edpp     , Gs          , Gs          , Wwf         , Wwf         , Wwg         , Wwg         , Wwg         
Gs          , Gs          , Re          , Re          , Gs          , Gs          , Gs^Ft       , Gs^Ft       , Gs^Ft       , Hh          , Hh          , Hh          , Hh          , Hh          , Gs          , Re          , Gs^Edpp     , Gs^Edpp     , Gs^Edpp     , Gs^Edpp     , Gs^Edpp     , Gs^Edpp     , Gs^Edpp     , Gs^Edpp     , Gs^Edpp     , Hh          , Mm          , Mm          , Hh          , Gs^Ft       , Gs^Ft       , Gs^Ft       , Gs^Edpp     , Gs^Edpp     , Gs^Edpp     , Gs^Edpp     , Gs^Edp      , Gs          , Gs          , Wwg         , Wwg         , Wog         
Re          , Re          , Gs^Edpp     , Gs          , Gs          , Gs          , Hh          , Hh          , Hh          , Hh          , Gs^Ft       , Gs^Ft       , Gs          , Gs          , Gs          , Re          , Gs^Edpp     , Gs^Edpp     , Gs^Edpp     , Gs^Edpp     , Gs^Edpp     , Gs^Edpp     , Gs^Edpp     , Gs^Edpp     , Gs^Ft       , Gs^Ft       , Mm          , Hh          , Gs^Ft       , Gs^Ft       , Gs^Edpp     , Gs^Edpp     , Gs^Edpp     , Gs^Ft       , Gs^Ft       , Gs^Ft       , Gs^Ft       , Gs          , Gs          , Wwg         , Wwg         , Wog         
Gs^Ft       , Gs          , Gs^Vht      , Gs          , Gs          , Gs          , Gs          , Gs          , Gs          , Gs^Ft       , Gs          , Gs          , Gs^Vht      , Gs          , Gs          , Re          , Gs          , Gs^Edpp     , Gs          , Gs^Edpp     , Gs^Edpp     , Gs^Edpp     , Gs^Ft       , Gs^Ft       , Hh          , Gs^Ft       , Mm          , Hh          , Hh          , Gs^Edpp     , Gs          , Gs^Edpp     , Gs^Ft       , Hh          , Hh          , Gs^Edpp     , Gs^Vht      , Gs          , Wwg         , Wwg         , Wwg         , Wwg         
Gs^Ft       , Gs^Ft       , Gs          , Gs          , Gs          , Gs          , Gs          , Gs          , Gs          , Gs          , Gs          , Gs          , Gs^Edpp     , Gs          , Gs          , Re          , Gs          , Gs          , Gs          , Gs^Edpp     , Gs          , Gs          , Hh          , Hh          , Hh          , Gs^Ft       , Hh          , Hh          , Hh          , Gs          , Gs          , Gs^Edpp     , Gs^Ft       , Hh          , Gs^Ft       , Gs^Edpp     , Wwg         , Wwg         , Wwg         , Wog         , Wwg         , Wwg         
Gs^Ft       , Gs^Ft       , Gs^Ft       , Gs          , Gs          , Gs          , Gs          , Gs^Edpp     , Gs^Edpp     , Gs^Edpp     , Gs^Edpp     , Gs^Edpp     , Gs          , Gs          , Gs          , Re          , Gs          , Gs          , Gs          , Gs          , Gs          , Gs          , Gs          , Gs          , Hh          , Hh          , Wwg         , Wwg         , Wwg         , Gs^Vht      , Gs^Edpp     , Gs^Edpp     , Gs^Ft       , Gs^Ft       , Wwg         , Wwg         , Wwg         , Wwg         , Gs^Ft       , Wwg         , Wwg         , Wwg         
Gs^Ft       , Gs^Ft       , Gs^Ft       , Gs^Ft       , Gs^Ft       , Gs          , Gs          , Gs          , Gs          , Gs^Ft       , Gs^Ft       , Gs^Ft       , Gs          , Gs          , Gs          , Re          , Gs          , Gs          , Chr         , Gs          , Gs          , Gs          , Gs          , Gs          , Wwg         , Wwg         , Wwg         , Wwg         , Wwg         , Wwg         , Wwg         , Gs^Edpp     , Wwg         , Wwg         , Wwg         , Wwg         , Gs^Edpp     , Gs^Ft       , Gs^Ft       , Wwg         , Wwg         , Wwg         
Gs^Ft       , Gs^Ft       , Ss          , Gs^Ft       , Gs^Ft       , Gs^Ft       , Gs          , Gs          , Gs          , Gs          , Gs^Ft       , Gs^Ft       , Gs          , Gs          , Gs          , Re          , Re          , Chr         , Chr         , Re          , Re          , Gs          , Wwg         , Wwg         , Wwg         , Wwg         , Hh          , Gs          , Gs          , Wwg         , Wwg         , Wwg         , Wwg         , Wwg         , Gs          , Gs^Edpp     , Gs^Ft       , Gs^Ft       , Gs^Ft       , Wwg         , Wwg         , Wwg         
Ss          , Ss          , Gs^Ft       , Ss          , Ss          , Gs          , Gs          , Gs^Vht      , Gs          , Gs          , Gs^Ft       , Gs^Ft       , Gs^Ft       , Gs          , Gs          , Chr         , Chr         , Chr         , Khr         , Chr         , Wwg         , Wwg^Bw\     , Wwg^Bw\     , Wwg         , Hh          , Hh          , Hh          , Gs          , Gs          , Gs^Edpp     , Gs^Edpp     , Wwg         , Gs^Ft       , Gs^Edpp     , Gs          , Gs^Edpp     , Gs          , Gs^Ft       , Gs^Ft       , Wwg         , Wwg         , Wwg         
Gs^Ft       , Ss          , Gs^Ft       , Ss          , Gs^Ft       , Gs          , Gs          , Gs          , Gs          , Gs^Ft       , Gs^Ft       , Gs^Ft       , Gs^Ft       , Gs          , Gs          , Gs          , Gs          , Chr         , Wwg         , Wwg         , Wwg         , Wwg         , Gs          , Re          , Re          , Hh          , Hh          , Hh          , Hh          , Gs^Edpp     , Gs^Ft       , Hh          , Hh          , Gs^Edpp     , Hh          , Hh          , Gs^Ft       , Gs          , Gs^Ft       , Wwg         , Wwg         , Wwg         
Wwg         , Ss^Vhs      , Wwg         , Gs^Ft       , Gs^Ft       , Gs          , Gs^Ft       , Gs^Ft       , Gs^Ft       , Gs^Ft       , Gs^Ft       , Gs^Ft       , Gs          , Gs          , Gs          , Gs^Vht      , Wwg         , Wwg         , Wwg         , Wwg         , Gs          , Gs          , Gs          , Gs          , Gs          , Re          , Re          , Hh          , Hh          , Gs^Ft       , Hh          , Hh          , Gs          , Gs          , Hh          , Gs^Ft       , Hh          , Gs          , Re          , Wwg         , Wwg         , Wwg         
Wwg         , Wwg         , Wwg         , Wwg         , Wwg         , Gs          , Gs^Ft       , Gs^Ft       , Gs^Ft       , Gs^Ft       , Gs^Ft       , Gs^Ft       , Gs          , Gs          , Wwg         , Wwg         , Wwg         , Wwg         , Gs^Edpp     , Gs^Edpp     , Gs^Edpp     , Gs^Edpp     , Gs^Edpp     , Gs          , Gs^Edpp     , Gs          , Re          , Gs^Edpp     , Hh          , Hh          , Hh          , Gs^Edpp     , Gs^Edpp     , Hh          , Hh          , Hh          , Hh          , Re          , Ce          , Wwg         , Wwg         , Wwg         
Wwg         , Wwg         , Gs          , Wwg         , Wwg         , Wwg         , Wwg         , Gs          , Gs          , Gs          , Gs          , Gs          , Wwg         , Wwg         , Wwg         , Wwg         , Gs^Edpp     , Gs^Edpp     , Gs^Ft       , Gs^Edpp     , Gs^Edpp     , Gs^Vht      , Gs^Edpp     , Gs^Edpp     , Gs^Edpp     , Gs^Edpp     , Re          , Hh          , Hh          , Hh          , Gs^Edpp     , Gs^Edpp     , Gs          , Hh          , Hh          , Hh          , Re          , Re^Vct      , Ce          , Wwg         , Wwg         , Wwg         
Re          , Gs          , Gs          , Gs          , Gs^Ft       , Wwg         , Wwg         , Wwg         , Wwg         , Gs^Vht      , Wwg         , Wwg         , Wwg         , Wwg         , Gs^Edpp     , Gs^Edpp     , Gs^Ft       , Gs^Ft       , Gs^Ft       , Gs^Ft       , Gs^Edpp     , Gs^Edpp     , Gs^Ft       , Gs^Ft       , Gs^Edpp     , Gs^Edpp     , Re          , Hh          , Gs^Edpp     , Gs^Edpp     , Gs^Edpp     , Gs^Edpp     , Gs          , Gs          , Gs          , Gs          , Re          , Re^Vct      , Ce          , Wwg         , Wwg         , Wwg         
Re          , Re          , Re          , Gs^Ft       , Gs^Ft       , Gs^Ft       , Gs^Ft       , Wwg         , Wwg         , Wwg         , Wwg         , Wwg         , Gs          , Gs          , Gs^Edpp     , Gs^Edpp     , Gs^Ft       , Gs^Ft       , Gs^Ft       , Gs^Ft       , Gs^Ft       , Gs^Ft       , Gs^Ft       , Gs^Ft       , Gs^Ft       , Gs^Edpp     , Re          , Gs^Edpp     , Gs^Edpp     , Gs^Vht      , Gs^Edpp     , Gs          , Gs          , Gs          , Gs          , Gs          , Re          , Re^Vct      , 3 Ke        , Ce          , Ce          , Wwg         
Re^Vct      , Re^Vct      , Re^Vct      , Re          , Gs^Ft       , Re^Vct      , Gs^Ft       , Gs^Ft       , Gs^Ft       , Wwg         , Gs          , Gs          , Gs          , Gs^Vht      , Gs^Edpp     , Gs^Edpp     , Gs^Edpp     , Gs^Ft       , Gs^Ft       , Gs^Ft       , Gs^Edpp     , Gs^Ft       , Gs^Edpp     , Gs^Ft       , Gs^Edpp     , Gs^Edpp     , Re          , Gs^Edpp     , Gs^Edpp     , Gs^Edpp     , Gs^Edpp     , Gs^Edpp     , Gs^Edpp     , Gs          , Gs          , Gs          , Gs          , Re          , Re          , Re^Vct      , Re          , Re          
Re^Vct      , Re^Vct      , Re^Vct      , Re          , Re          , Re          , Gs^Ft       , Gs^Ft       , Gs          , Gs          , Gs          , Gs          , Gs          , Gs          , Gs          , Gs^Edpp     , Gs^Edpp     , Gs^Edpp     , Gs^Edpp     , Gs^Edpp     , Gs^Edpp     , Gs^Edpp     , Gs^Edpp     , Gs^Edpp     , Re          , Re          , Gs^Edpp     , Gs^Edpp     , Hh          , Gs^Edpp     , Hh          , Gs^Edpp     , Gs^Edpp     , Gs          , Gs          , Gs^Ft       , Gs^Ft       , Gs          , Gs^Ft       , Re          , Gs^Ft       , Gs^Ft       
Re^Vct      , Re^Vct      , Re^Vct      , Re^Vct      , Re^Vct      , Re          , Re          , Re          , Gs          , Gs          , Gs          , Gs          , Gs          , Gs          , Hh          , Gs          , Gs          , Gs          , Gs          , Gs^Edpp     , Gs          , Gs^Edpp     , Gs          , Re          , Gs^Edpp     , Gs^Edpp     , Gs^Edpp     , Hh          , Gs^Vht      , Hh          , Gs^Ft       , Hh          , Gs^Edpp     , Gs^Edpp     , Gs          , Gs          , Gs^Ft       , Gs^Ft       , Gs^Ft       , Gs^Ft       , Hh          , Gs^Ft       
Re^Vct      , Re^Vct      , Ke          , Re^Vct      , Re^Vct      , Re^Vct      , Re^Vct      , Re          , Re          , Re          , Gs          , Gs          , Gs^Ft       , Hh          , Hh          , Gs^Ft       , Gs^Ft       , Gs^Ft       , Gs          , Gs          , Gs          , Gs          , Re          , Re          , Gs^Edpp     , Gs^Edpp     , Gs^Ft       , Gs^Ft       , Gs^Ft       , Gs^Ft       , Gs^Ft       , Gs^Ft       , Gs^Edpp     , Gs^Edpp     , Gs          , Gs          , Gs^Ft       , Gs^Ft       , Hh          , Hh          , Hh          , Gs^Ft       
Re^Vct      , Ke          , Ke          , Ke          , Ke          , Re^Vct      , Re^Vct      , Re^Vct      , Re^Vct      , Re          , Re          , Gs          , Gs          , Gs^Ft       , Gs^Ft       , Gs^Ft       , Gs^Ft       , Gs^Ft       , Gs          , Gs          , Re          , Re          , Gs          , Gs          , Gs^Edpp     , Gs^Ft       , Gs^Edpp     , Gs^Ft       , Gs^Edpp     , Gs^Edpp     , Gs^Edpp     , Gs^Edpp     , Gs          , Gs          , Gs          , Gs          , Gs^Ft       , Hh          , Hh          , Hh          , Hh          , Hh          
Re^Vct      , Ke          , Ke          , Ke          , Ke          , Ke          , Ke          , Re^Vct      , Re^Vct      , Re^Vct      , Re^Vct      , Re          , Re          , Gs          , Gs          , Gs^Ft       , Gs          , Gs          , Re          , Re          , Gs^Vht      , Gs          , Gs          , Gs          , Gs          , Gs^Edpp     , Gs^Edpp     , Gs^Edpp     , Gs          , Gs^Edpp     , Gs          , Gs          , Gs          , Gs^Vht      , Gs          , Gs          , Hh          , Hh          , Hh          , Gs          , Gs          , Hh          
Re^Vct      , Ke          , Ke          , Ke          , Ke          , Ke          , Ke          , Ke          , Ke          , Re^Vct      , Re^Vct      , Re^Vct      , Re^Vct      , Re          , Re          , Gs          , Re          , Re          , Re          , Re          , Gs          , Gs          , Gs          , Gs          , Gs^Ft       , Gs          , Gs          , Gs          , Gs          , Gs          , Gs          , Gs          , Gs          , Gs          , Gs          , Hh          , Gs          , Hh          , Gs          , Hh          , Hh          , Hh          
Re^Vct      , Ke          , Ke          , Ke          , Ke          , Ke          , Ke          , Ke          , Ke          , Ke          , Ke          , Re^Vct      , Re^Vct      , Re^Vct      , Re^Vct      , Re          , Re          , Re          , Re          , Gs          , Gs          , Gs          , Gs^Ft       , Gs^Ft       , Gs^Ft       , Gs          , Gs          , Gs          , Gs          , Gs          , Gs^Ft       , Gs          , Gs^Ft       , Gs          , Gs^Ft       , Gs          , Gs          , Gs          , Gs^Ft       , Gs          , Gs^Ft       , Gs^Ft       
Re^Vct      , Ke          , Ke          , Ke          , Ke          , Ke          , Ke          , Ke          , Ke          , Ke          , Ke          , Ke          , Ke          , Re^Vct      , Re^Vct      , Re^Vct      , Re^Vct      , Re          , Gs          , Gs          , Gs^Ft       , Gs^Ft       , Gs^Ft       , Gs^Ft       , Gs          , Gs          , Gs          , Gs          , Gs^Ft       , Gs^Ft       , Gs^Ft       , Gs^Ft       , Gs^Ft       , Gs^Ft       , Gs^Ft       , Gs^Ft       , Gs^Ft       , Gs^Ft       , Gs^Ft       , Gs^Ft       , Gs^Ft       , Gs^Ft       
Re^Vct      , Ke          , Ke          , Ke          , Ke          , Ke          , Ke          , Ke          , Ke          , Ke          , Ke          , Ke          , Re^Vct      , Re^Vct      , Re^Vct      , Re^Vct      , Re^Vct      , Re          , Gs          , Gs          , Gs          , Gs^Ft       , Gs          , Gs          , Gs          , Gs          , Gs^Ft       , Gs^Ft       , Gs^Ft       , Gs^Ft       , Gs^Ft       , Gs^Ft       , Gs^Ft       , Gs^Ft       , Gs^Ft       , Gs^Ft       , Gs^Ft       , Gs^Ft       , Gs^Ft       , Gs^Ft       , Gs^Ft       , Gs^Ft       
Re^Vct      , Re^Vct      , 2 Ke        , Ke          , Ke          , Ke          , Ke          , Ke          , Ke          , Ke          , Ke          , Ke          , Re^Vct      , Re^Vct      , Re^Vct      , Re^Vct      , Re^Vct      , Re          , Gs          , Gs          , Gs          , Gs          , Gs          , Gs          , Gs          , Gs^Vht      , Gs^Ft       , Gs^Ft       , Gs^Ft       , Gs^Ft       , Gs^Ft       , Gs^Ft       , Gs^Ft       , Gs^Ft       , Gs^Ft       , Gs^Ft       , Gs^Ft       , Gs^Ft       , Gs^Ft       , Gs^Ft       , Gs^Ft       , Gs^Ft       
Re^Vct      , Re^Vct      , Re^Vct      , Ke          , Re^Vct      , Ke          , Ke          , Ke          , Ke          , Ke          , Re^Vct      , Re^Vct      , Re^Vct      , Re^Vct      , Re^Vct      , Re^Vct      , Re          , Re          , Gs          , Gs          , Gs^Vht      , Gs          , Gs          , Gs          , Gs^Ft       , Gs^Ft       , Gs^Ft       , Gs^Ft       , Gs^Ft       , Gs^Ft       , Gs^Ft       , Gs^Ft       , Gs^Ft       , Gs^Ft       , Gs^Ft       , Gs^Ft       , Gs^Ft       , Gs^Ft       , Gs^Ft       , Gs^Ft       , Gs^Ft       , Gs^Ft       
Re^Vct      , Re^Vct      , Re^Vct      , Re^Vct      , Re^Vct      , Re^Vct      , Re^Vct      , Ke          , Re^Vct      , Re^Vct      , Re^Vct      , Re^Vct      , Re^Vct      , Re^Vct      , Re^Vct      , Re^Vct      , Re          , Gs          , Gs          , Gs          , Gs          , Gs          , Gs          , Gs          , Gs^Ft       , Gs^Ft       , Gs^Ft       , Gs^Ft       , Gs^Ft       , Gs^Ft       , Gs^Ft       , Gs^Ft       , Gs^Ft       , Gs^Ft       , Gs^Ft       , Gs^Ft       , Gs^Ft       , Gs^Ft       , Gs^Ft       , Gs^Ft       , Gs^Ft       , Gs^Ft       
